[main] DEBUG com.solvd.TextParsing.Runner  - word count: 918
[main] DEBUG com.solvd.TextParsing.Runner  - word count: 965
[main] DEBUG com.solvd.TextParsing.Runner  - word count: 956
[main] DEBUG com.solvd.TextParsing.Runner  - Lorem ipsum dolor sit amet, consectetur adipiscing elit. Suspendisse dignissim, enim sed porttitor scelerisque, nisi ligula elementum neque, eget tempor nisi diam a tortor. In hac habitasse platea dictumst. Integer nec tortor viverra, sodales diam vitae, consequat ex. Curabitur nec varius eros, a vestibulum metus. Nulla dapibus ante non ligula euismod feugiat. Curabitur sed erat vitae arcu faucibus pulvinar. Integer eu dui turpis. Cras laoreet velit vel eleifend venenatis. In hac habitasse platea dictumst. Morbi varius ante nec augue fermentum consequat. Curabitur tristique metus ut nibh sagittis, nec blandit arcu lobortis. Etiam in lorem tortor. Proin blandit, ante a semper convallis, lorem elit tincidunt justo, sed semper sapien ex eget augue. Vestibulum sit amet consectetur diam. Donec sit amet purus ut augue rhoncus sagittis eget ut lectus.
[main] DEBUG com.solvd.TextParsing.Runner  - 
[main] DEBUG com.solvd.TextParsing.Runner  - Nunc at ante vitae quam volutpat ullamcorper. Proin nec fermentum quam, et accumsan lectus. Pellentesque non laoreet tellus. Ut ultrices orci ut viverra pulvinar. Aenean iaculis ligula leo, eu hendrerit purus dignissim vel. Vivamus sodales dignissim diam, nec semper nisi luctus non. Curabitur tempor, metus at sodales cursus, eros odio condimentum leo, et consequat massa libero eu est.
[main] DEBUG com.solvd.TextParsing.Runner  - 
[main] DEBUG com.solvd.TextParsing.Runner  - Curabitur purus magna, efficitur in nibh et, pellentesque congue urna. Proin venenatis urna vitae nisl blandit, eu hendrerit quam consequat. Proin at nibh metus. Nam eu dui elementum, sagittis nisi tristique, facilisis augue. Fusce velit metus, molestie et lectus sed, scelerisque vestibulum tortor. Etiam vel nisi quis quam venenatis laoreet. Cras consectetur rutrum dui ac sodales. Quisque venenatis ornare ligula ut iaculis. Quisque elementum augue eget velit varius varius. Vestibulum cursus, eros id blandit porttitor, tellus nibh facilisis urna, quis ornare elit neque interdum nunc. Maecenas a commodo elit.
[main] DEBUG com.solvd.TextParsing.Runner  - 
[main] DEBUG com.solvd.TextParsing.Runner  - Ut in dolor ligula. Quisque a urna non erat consectetur laoreet. Praesent eu sapien a libero molestie dignissim. Proin venenatis, neque non varius scelerisque, augue mi imperdiet tellus, id hendrerit felis ligula ut nulla. Ut ipsum metus, malesuada non aliquam eget, dignissim vel justo. Donec pellentesque, tellus vitae posuere tempus, ex nisi ultrices justo, eget euismod turpis ipsum nec turpis. Aenean tincidunt metus quis dolor semper mollis. Maecenas vitae bibendum justo. Curabitur porttitor vehicula erat non porttitor. Aenean scelerisque egestas quam, nec suscipit libero imperdiet id. Nunc mattis tempor ultrices. Curabitur nec consequat nunc. Duis vestibulum aliquet urna, quis malesuada nulla suscipit quis.
[main] DEBUG com.solvd.TextParsing.Runner  - 
[main] DEBUG com.solvd.TextParsing.Runner  - Duis consequat risus augue, eu ullamcorper purus sollicitudin ut. Nam volutpat lorem eget sagittis luctus. Sed a sagittis enim, eu rhoncus arcu. Sed dignissim tortor leo, dictum mollis tellus tincidunt ut. In bibendum id mauris et efficitur. Vestibulum aliquet metus nec lectus vehicula fermentum at et est. Integer rhoncus quis dolor quis aliquam. Donec sed nisi lobortis, fermentum turpis ut, facilisis urna. Pellentesque eleifend, magna in finibus cursus, justo lorem tristique est, eu feugiat odio ligula ac nisi.
[main] DEBUG com.solvd.TextParsing.Runner  - 
[main] DEBUG com.solvd.TextParsing.Runner  - Donec a urna nisl. Donec pharetra risus sed orci volutpat, vel bibendum justo accumsan. Vestibulum ante ipsum primis in faucibus orci luctus et ultrices posuere cubilia curae; Donec vitae hendrerit metus. Nunc in dui a diam fermentum pretium consequat a ex. Nunc ligula erat, aliquam sit amet urna sed, convallis laoreet neque. Vestibulum pretium magna id viverra elementum. In cursus egestas tempus. Integer mauris purus, sollicitudin aliquam augue at, accumsan pretium nibh. Nullam non turpis elit. Nunc porta ligula eu enim sodales, at lacinia nibh feugiat. Ut maximus sem et neque vestibulum, elementum fermentum velit faucibus.
[main] DEBUG com.solvd.TextParsing.Runner  - 
[main] DEBUG com.solvd.TextParsing.Runner  - Curabitur ac viverra velit. Nulla urna mi, efficitur ut aliquam et, molestie id nisl. Pellentesque eget finibus risus, vitae tincidunt arcu. Donec nec nunc et arcu ultrices tempus ac vel nulla. Quisque quis tempus est. Nullam sodales, diam eu accumsan aliquam, est turpis accumsan risus, at egestas diam justo quis leo. Cras quis metus diam. Nulla tempor, turpis non ultrices aliquam, eros justo commodo ligula, nec tincidunt massa ligula ac metus. Aliquam imperdiet eu nisl in maximus. Mauris interdum ligula aliquet erat ullamcorper, eu tempor nunc semper. Aliquam hendrerit sem quis porttitor luctus. Morbi sit amet tempus mauris. Vestibulum tincidunt, ex ut consectetur porttitor, nisi libero mollis lectus, eu feugiat nunc ex in lorem. Nullam vel ipsum sapien. Nullam a nunc id magna vulputate sollicitudin ac nec metus.
[main] DEBUG com.solvd.TextParsing.Runner  - 
[main] DEBUG com.solvd.TextParsing.Runner  - Aenean ut tristique lectus. Nunc fermentum enim vitae elit varius, a volutpat libero eleifend. Suspendisse suscipit lacus id pulvinar ullamcorper. Nam id suscipit orci, vel vehicula est. Praesent nec dolor mi. Cras semper nunc vel velit imperdiet consectetur. Fusce euismod nunc non purus gravida, et tempor odio condimentum. Pellentesque habitant morbi tristique senectus et netus et malesuada fames ac turpis egestas. Vestibulum eget nunc diam. Proin lorem purus, lacinia vel nibh non, sollicitudin aliquam dui. Phasellus varius vehicula accumsan. Vestibulum finibus ante ut diam ornare, vel dignissim justo ullamcorper. Quisque nec sagittis odio. Donec sed ultrices est, ut ullamcorper sem. Nunc tellus felis, mollis eget lacinia in, molestie ut orci.
[main] DEBUG com.solvd.TextParsing.Runner  - 
[main] DEBUG com.solvd.TextParsing.Runner  - Sed ex erat, venenatis a faucibus aliquam, tempus eu ipsum. Vestibulum ac gravida arcu. Suspendisse sit amet varius erat. In tempor sollicitudin nibh et volutpat. Etiam tincidunt tortor lectus, ac scelerisque purus blandit ut. Pellentesque non molestie purus. Aliquam erat volutpat. Phasellus in maximus tortor. Integer nec purus et velit pretium porttitor non quis mi.
[main] DEBUG com.solvd.TextParsing.Runner  - 
[main] DEBUG com.solvd.TextParsing.Runner  - Ut suscipit nulla at metus lacinia euismod. Donec vitae odio lacus. Proin lobortis malesuada lectus in posuere. Sed vel eros a lectus elementum dignissim. Mauris sodales tellus dui, in fermentum risus congue non. Morbi mattis suscipit molestie. Curabitur vehicula, leo lacinia rutrum condimentum, augue metus rutrum quam, eget pellentesque erat nisi in enim. Etiam diam dui, gravida elementum leo eget, hendrerit eleifend sapien. Fusce fermentum fermentum libero, et interdum leo. Praesent id lorem nec mi suscipit semper nec non ex. Maecenas vestibulum tellus sit amet ligula congue iaculis. Donec ornare ornare consectetur. Maecenas ornare tortor et diam bibendum, vel euismod lorem facilisis. Cras ut nibh in libero tincidunt pretium et quis justo.
[main] DEBUG com.solvd.TextParsing.Runner  - word count: 956
[main] DEBUG com.solvd.TextParsing.Runner  - word count: 956
[main] DEBUG com.solvd.TextParsing.Runner  - word count: 956
[main] DEBUG com.solvd.TextParsing.Runner  - word count: 0
[main] DEBUG com.solvd.TextParsing.Runner  - word count: 958
[main] DEBUG com.solvd.TextParsing.Runner  - word count:958
[main] DEBUG com.solvd.TextParsing.Runner  - word count:958
[main] DEBUG com.solvd.TextParsing.Runner  - word count: 958
[main] DEBUG com.solvd.TextParsing.Runner  - word count: 958
[main] DEBUG com.solvd.TextParsing.Runner  - word count: 958
[main] DEBUG com.solvd.TextParsing.Runner  - word count: 957
[main] DEBUG com.solvd.TextParsing.Runner  - word count: 958
[main] DEBUG com.solvd.TextParsing.Runner  - word count: 958
[main] DEBUG com.solvd.TextParsing.Runner  - word count: 958
[main] DEBUG com.solvd.TextParsing.Runner  - word count: 958
[main] DEBUG com.solvd.TextParsing.Runner  - word count: 956
[main] DEBUG com.solvd.TextParsing.Runner  - word count: 958
[main] DEBUG com.solvd.TextParsing.Runner  - word count: 958
